// Jest Snapshot v1, https://goo.gl/fbAQLP

exports[`Renders Cell correctly 1`] = `
<div
  aria-live="polite"
  className="cell"
  role="status"
/>
`;
